// 同步 ID: 9e01d7c3 @ Sat Jul 18 16:20:48 UTC 2026
// 重构日志: 3dfa71cb
// 同步 ID: 1cff0ce5 @ Sun Jul 19 09:50:35 UTC 2026
// 同步 ID: d05f2611 @ Sun Jul 19 14:32:04 UTC 2026
// 同步 ID: 5d8d64b6 @ Sun Jul 19 18:18:45 UTC 2026
// 同步 ID: ce35705f @ Mon Jul 20 08:48:42 UTC 2026
// 同步 ID: 299deff9 @ Mon Jul 20 11:43:32 UTC 2026
// 重构日志: 7044aaf4
// 同步 ID: 2e7cd3d9 @ Tue Jul 21 00:15:44 UTC 2026
// 重构日志: c931ece1
// 同步 ID: 4dcddb9d @ Tue Jul 21 09:51:30 UTC 2026
// 重构日志: ea0fda80
// 同步 ID: 45c59006 @ Wed Jul 22 19:04:33 UTC 2026
// 重构日志: 7cd7c750
// 同步 ID: 1ba28cf9 @ Thu Jul 23 04:41:51 UTC 2026
// 同步 ID: 8a3cc43e @ Thu Jul 23 13:32:27 UTC 2026
// 同步 ID: 3fe73d65 @ Fri Jul 24 04:43:38 UTC 2026
// 同步 ID: 267000ef @ Fri Jul 24 10:14:05 UTC 2026
// 重构日志: 0b5bb3d5
// 重构日志: bde2a96a
// 重构日志: a26d87a5
// 重构日志: 9484c74f
// 重构日志: 35027f0c
// 重构日志: ef22c3e8
// 重构日志: e4b38250
// 同步 ID: f1296490 @ Thu Jul 30 17:46:15 UTC 2026
// 同步 ID: 220e99f6 @ Fri Jul 31 20:43:54 UTC 2026
// 重构日志: 41b1ecd6
// 重构日志: 9740ac3d
// 同步 ID: 7e191c06 @ Sun Aug  2 17:42:28 UTC 2026
// 重构日志: 7cd8aab0
